ASSERTION	AAEDAAECAwAAAAAAAIizQA==
ASSERTION	AAECAAIEAAAAAAAAwFdA
RUN	com.example.gatling.UserCrudSimulation	usercrudsimulation	1776646989476	 	3.10.5
USER	User CRUD Operations	START	1776646990613
USER	User CRUD Operations	START	1776646991514
REQUEST		Login to Get JWT	1776646990600	1776646992259	OK	 
REQUEST		Login to Get JWT	1776646991512	1776646992259	OK	 
USER	User CRUD Operations	START	1776646992516
REQUEST		Login to Get JWT	1776646992513	1776646992824	OK	 
REQUEST		Create User	1776646992417	1776646993026	OK	 
REQUEST		Create User	1776646992826	1776646993026	OK	 
REQUEST		Create User	1776646992417	1776646993198	OK	 
REQUEST		Get All Users	1776646993031	1776646993296	OK	 
REQUEST		Get All Users	1776646993200	1776646993296	OK	 
USER	User CRUD Operations	START	1776646993508
REQUEST		Get All Users	1776646993031	1776646993505	OK	 
REQUEST		Get User by ID	1776646993315	1776646993604	OK	 
REQUEST		Get User by ID	1776646993315	1776646993608	OK	 
REQUEST		Login to Get JWT	1776646993505	1776646993615	OK	 
REQUEST		Get User by ID	1776646993510	1776646993842	OK	 
REQUEST		Create User	1776646993620	1776646993931	OK	 
REQUEST		Update User	1776646993606	1776646993940	OK	 
REQUEST		Update User	1776646993610	1776646993941	OK	 
REQUEST		Update User	1776646993844	1776646993944	OK	 
REQUEST		Get All Users	1776646993932	1776646994163	OK	 
REQUEST		Get User by ID	1776646994166	1776646994245	OK	 
REQUEST		Delete User	1776646993943	1776646994245	OK	 
REQUEST		Delete User	1776646993946	1776646994245	OK	 
USER	User CRUD Operations	END	1776646994252
USER	User CRUD Operations	END	1776646994252
REQUEST		Delete User	1776646993943	1776646994456	OK	 
USER	User CRUD Operations	END	1776646994458
USER	User CRUD Operations	START	1776646994507
REQUEST		Update User	1776646994247	1776646994541	OK	 
REQUEST		Login to Get JWT	1776646994505	1776646994758	OK	 
REQUEST		Delete User	1776646994543	1776646994852	OK	 
USER	User CRUD Operations	END	1776646994854
REQUEST		Create User	1776646994760	1776646995065	OK	 
REQUEST		Get All Users	1776646995067	1776646995370	OK	 
USER	User CRUD Operations	START	1776646995524
REQUEST		Get User by ID	1776646995373	1776646995667	OK	 
REQUEST		Login to Get JWT	1776646995521	1776646995759	OK	 
REQUEST		Update User	1776646995669	1776646995965	OK	 
REQUEST		Delete User	1776646995966	1776646996050	OK	 
USER	User CRUD Operations	END	1776646996052
REQUEST		Create User	1776646995762	1776646996262	OK	 
USER	User CRUD Operations	START	1776646996508
REQUEST		Get All Users	1776646996264	1776646996561	OK	 
REQUEST		Get User by ID	1776646996564	1776646996651	OK	 
REQUEST		Login to Get JWT	1776646996505	1776646996863	OK	 
REQUEST		Update User	1776646996653	1776646996949	OK	 
REQUEST		Create User	1776646996866	1776646996975	OK	 
REQUEST		Delete User	1776646996951	1776646997055	OK	 
USER	User CRUD Operations	END	1776646997058
REQUEST		Get All Users	1776646996977	1776646997274	OK	 
USER	User CRUD Operations	START	1776646997508
REQUEST		Get User by ID	1776646997276	1776646997574	OK	 
REQUEST		Update User	1776646997575	1776646997660	OK	 
REQUEST		Login to Get JWT	1776646997505	1776646997877	OK	 
REQUEST		Delete User	1776646997661	1776646997961	OK	 
USER	User CRUD Operations	END	1776646997964
REQUEST		Create User	1776646997880	1776646998180	OK	 
REQUEST		Get All Users	1776646998181	1776646998483	OK	 
USER	User CRUD Operations	START	1776646998506
REQUEST		Get User by ID	1776646998485	1776646998563	OK	 
REQUEST		Login to Get JWT	1776646998505	1776646998774	OK	 
REQUEST		Update User	1776646998565	1776646998873	OK	 
REQUEST		Create User	1776646998777	1776646998903	OK	 
REQUEST		Delete User	1776646998875	1776646998984	OK	 
USER	User CRUD Operations	END	1776646998986
REQUEST		Get All Users	1776646998904	1776646999199	OK	 
REQUEST		Get User by ID	1776646999202	1776646999487	OK	 
USER	User CRUD Operations	START	1776646999506
REQUEST		Update User	1776646999489	1776646999571	OK	 
REQUEST		Login to Get JWT	1776646999505	1776646999779	OK	 
REQUEST		Delete User	1776646999572	1776646999847	OK	 
USER	User CRUD Operations	END	1776646999849
REQUEST		Create User	1776646999781	1776647000058	OK	 
REQUEST		Get All Users	1776647000060	1776647000350	OK	 
REQUEST		Get User by ID	1776647000353	1776647000640	OK	 
REQUEST		Update User	1776647000641	1776647000916	OK	 
REQUEST		Delete User	1776647000917	1776647001201	OK	 
USER	User CRUD Operations	END	1776647001202
