03-Apr-2026 07:01:52.181 INFO [main] org.apache.catalina.core.ApplicationContext.log No Spring WebApplicationInitializer types detected on classpath
03-Apr-2026 07:01:52.557 INFO [main] org.apache.catalina.core.ApplicationContext.log Initializing Spring DispatcherServlet 'dispatcher'
03-Apr-2026 07:01:59.849 INFO [main] org.apache.catalina.core.ApplicationContext.log ContextListener: contextInitialized()
03-Apr-2026 07:01:59.849 INFO [main] org.apache.catalina.core.ApplicationContext.log SessionListener: contextInitialized()
03-Apr-2026 07:01:59.858 INFO [main] org.apache.catalina.core.ApplicationContext.log ContextListener: attributeAdded('StockTicker', 'async.Stockticker@77a38cec')
03-Apr-2026 07:06:29.829 INFO [main] org.apache.catalina.core.ApplicationContext.log No Spring WebApplicationInitializer types detected on classpath
03-Apr-2026 07:06:30.307 INFO [main] org.apache.catalina.core.ApplicationContext.log Initializing Spring DispatcherServlet 'dispatcher'
03-Apr-2026 07:06:38.324 INFO [main] org.apache.catalina.core.ApplicationContext.log ContextListener: contextInitialized()
03-Apr-2026 07:06:38.324 INFO [main] org.apache.catalina.core.ApplicationContext.log SessionListener: contextInitialized()
03-Apr-2026 07:06:38.327 INFO [main] org.apache.catalina.core.ApplicationContext.log ContextListener: attributeAdded('StockTicker', 'async.Stockticker@77a38cec')
03-Apr-2026 07:11:41.321 INFO [main] org.apache.catalina.core.ApplicationContext.log No Spring WebApplicationInitializer types detected on classpath
03-Apr-2026 07:11:41.776 INFO [main] org.apache.catalina.core.ApplicationContext.log Initializing Spring DispatcherServlet 'dispatcher'
03-Apr-2026 07:11:49.000 INFO [main] org.apache.catalina.core.ApplicationContext.log ContextListener: contextInitialized()
03-Apr-2026 07:11:49.000 INFO [main] org.apache.catalina.core.ApplicationContext.log SessionListener: contextInitialized()
03-Apr-2026 07:11:49.006 INFO [main] org.apache.catalina.core.ApplicationContext.log ContextListener: attributeAdded('StockTicker', 'async.Stockticker@98bae1e')
03-Apr-2026 07:44:55.930 INFO [main] org.apache.catalina.core.ApplicationContext.log No Spring WebApplicationInitializer types detected on classpath
03-Apr-2026 07:44:56.421 INFO [main] org.apache.catalina.core.ApplicationContext.log Initializing Spring DispatcherServlet 'dispatcher'
03-Apr-2026 07:45:05.229 INFO [main] org.apache.catalina.core.ApplicationContext.log ContextListener: contextInitialized()
03-Apr-2026 07:45:05.229 INFO [main] org.apache.catalina.core.ApplicationContext.log SessionListener: contextInitialized()
03-Apr-2026 07:45:05.229 INFO [main] org.apache.catalina.core.ApplicationContext.log ContextListener: attributeAdded('StockTicker', 'async.Stockticker@3be3ba84')
03-Apr-2026 07:58:35.908 INFO [main] org.apache.catalina.core.ApplicationContext.log No Spring WebApplicationInitializer types detected on classpath
03-Apr-2026 07:58:36.421 INFO [main] org.apache.catalina.core.ApplicationContext.log Initializing Spring DispatcherServlet 'dispatcher'
03-Apr-2026 07:58:44.680 INFO [main] org.apache.catalina.core.ApplicationContext.log ContextListener: contextInitialized()
03-Apr-2026 07:58:44.680 INFO [main] org.apache.catalina.core.ApplicationContext.log SessionListener: contextInitialized()
03-Apr-2026 07:58:44.688 INFO [main] org.apache.catalina.core.ApplicationContext.log ContextListener: attributeAdded('StockTicker', 'async.Stockticker@2ee4c028')
