21-Mar-2026 17:50:49.729 INFO [main] org.apache.catalina.core.ApplicationContext.log No Spring WebApplicationInitializer types detected on classpath
21-Mar-2026 17:50:51.170 INFO [main] org.apache.catalina.core.ApplicationContext.log Initializing Spring DispatcherServlet 'dispatcher'
21-Mar-2026 17:51:00.189 INFO [main] org.apache.catalina.core.ApplicationContext.log ContextListener: contextInitialized()
21-Mar-2026 17:51:00.189 INFO [main] org.apache.catalina.core.ApplicationContext.log SessionListener: contextInitialized()
21-Mar-2026 17:51:00.197 INFO [main] org.apache.catalina.core.ApplicationContext.log ContextListener: attributeAdded('StockTicker', 'async.Stockticker@10553a61')
21-Mar-2026 18:03:49.462 INFO [main] org.apache.catalina.core.ApplicationContext.log No Spring WebApplicationInitializer types detected on classpath
21-Mar-2026 18:03:50.153 INFO [main] org.apache.catalina.core.ApplicationContext.log Initializing Spring DispatcherServlet 'dispatcher'
21-Mar-2026 18:03:57.675 INFO [main] org.apache.catalina.core.ApplicationContext.log ContextListener: contextInitialized()
21-Mar-2026 18:03:57.675 INFO [main] org.apache.catalina.core.ApplicationContext.log SessionListener: contextInitialized()
21-Mar-2026 18:03:57.683 INFO [main] org.apache.catalina.core.ApplicationContext.log ContextListener: attributeAdded('StockTicker', 'async.Stockticker@462b239f')
21-Mar-2026 18:07:07.552 INFO [main] org.apache.catalina.core.ApplicationContext.log No Spring WebApplicationInitializer types detected on classpath
21-Mar-2026 18:07:08.174 INFO [main] org.apache.catalina.core.ApplicationContext.log Initializing Spring DispatcherServlet 'dispatcher'
21-Mar-2026 18:07:13.322 INFO [main] org.apache.catalina.core.ApplicationContext.log ContextListener: contextInitialized()
21-Mar-2026 18:07:13.322 INFO [main] org.apache.catalina.core.ApplicationContext.log SessionListener: contextInitialized()
21-Mar-2026 18:07:13.328 INFO [main] org.apache.catalina.core.ApplicationContext.log ContextListener: attributeAdded('StockTicker', 'async.Stockticker@1fa29b9e')
21-Mar-2026 18:10:42.710 INFO [main] org.apache.catalina.core.ApplicationContext.log No Spring WebApplicationInitializer types detected on classpath
21-Mar-2026 18:10:43.414 INFO [main] org.apache.catalina.core.ApplicationContext.log Initializing Spring DispatcherServlet 'dispatcher'
21-Mar-2026 18:10:49.014 INFO [main] org.apache.catalina.core.ApplicationContext.log ContextListener: contextInitialized()
21-Mar-2026 18:10:49.014 INFO [main] org.apache.catalina.core.ApplicationContext.log SessionListener: contextInitialized()
21-Mar-2026 18:10:49.020 INFO [main] org.apache.catalina.core.ApplicationContext.log ContextListener: attributeAdded('StockTicker', 'async.Stockticker@30811f91')
21-Mar-2026 18:15:03.934 INFO [main] org.apache.catalina.core.ApplicationContext.log No Spring WebApplicationInitializer types detected on classpath
21-Mar-2026 18:15:04.600 INFO [main] org.apache.catalina.core.ApplicationContext.log Initializing Spring DispatcherServlet 'dispatcher'
21-Mar-2026 18:15:10.108 INFO [main] org.apache.catalina.core.ApplicationContext.log ContextListener: contextInitialized()
21-Mar-2026 18:15:10.110 INFO [main] org.apache.catalina.core.ApplicationContext.log SessionListener: contextInitialized()
21-Mar-2026 18:15:10.117 INFO [main] org.apache.catalina.core.ApplicationContext.log ContextListener: attributeAdded('StockTicker', 'async.Stockticker@2f29e630')
21-Mar-2026 18:22:26.968 INFO [main] org.apache.catalina.core.ApplicationContext.log No Spring WebApplicationInitializer types detected on classpath
21-Mar-2026 18:22:27.471 INFO [main] org.apache.catalina.core.ApplicationContext.log Initializing Spring DispatcherServlet 'dispatcher'
21-Mar-2026 18:22:32.061 INFO [main] org.apache.catalina.core.ApplicationContext.log ContextListener: contextInitialized()
21-Mar-2026 18:22:32.062 INFO [main] org.apache.catalina.core.ApplicationContext.log SessionListener: contextInitialized()
21-Mar-2026 18:22:32.067 INFO [main] org.apache.catalina.core.ApplicationContext.log ContextListener: attributeAdded('StockTicker', 'async.Stockticker@665f88e1')
