19-Apr-2026 13:29:53.016 INFO [main] org.apache.catalina.core.ApplicationContext.log No Spring WebApplicationInitializer types detected on classpath
19-Apr-2026 13:29:53.388 INFO [main] org.apache.catalina.core.ApplicationContext.log Initializing Spring DispatcherServlet 'dispatcher'
19-Apr-2026 13:30:01.050 INFO [main] org.apache.catalina.core.ApplicationContext.log ContextListener: contextInitialized()
19-Apr-2026 13:30:01.051 INFO [main] org.apache.catalina.core.ApplicationContext.log SessionListener: contextInitialized()
19-Apr-2026 13:30:01.055 INFO [main] org.apache.catalina.core.ApplicationContext.log ContextListener: attributeAdded('StockTicker', 'async.Stockticker@3f78a75')
19-Apr-2026 13:56:51.217 INFO [main] org.apache.catalina.core.ApplicationContext.log No Spring WebApplicationInitializer types detected on classpath
19-Apr-2026 13:56:51.550 INFO [main] org.apache.catalina.core.ApplicationContext.log Initializing Spring DispatcherServlet 'dispatcher'
19-Apr-2026 13:56:59.836 INFO [main] org.apache.catalina.core.ApplicationContext.log ContextListener: contextInitialized()
19-Apr-2026 13:56:59.836 INFO [main] org.apache.catalina.core.ApplicationContext.log SessionListener: contextInitialized()
19-Apr-2026 13:56:59.842 INFO [main] org.apache.catalina.core.ApplicationContext.log ContextListener: attributeAdded('StockTicker', 'async.Stockticker@5867c87')
19-Apr-2026 14:09:07.243 INFO [main] org.apache.catalina.core.ApplicationContext.log No Spring WebApplicationInitializer types detected on classpath
19-Apr-2026 14:09:07.648 INFO [main] org.apache.catalina.core.ApplicationContext.log Initializing Spring DispatcherServlet 'dispatcher'
19-Apr-2026 14:09:15.587 INFO [main] org.apache.catalina.core.ApplicationContext.log ContextListener: contextInitialized()
19-Apr-2026 14:09:15.587 INFO [main] org.apache.catalina.core.ApplicationContext.log SessionListener: contextInitialized()
19-Apr-2026 14:09:15.592 INFO [main] org.apache.catalina.core.ApplicationContext.log ContextListener: attributeAdded('StockTicker', 'async.Stockticker@50dfac19')
19-Apr-2026 17:19:32.322 INFO [main] org.apache.catalina.core.ApplicationContext.log No Spring WebApplicationInitializer types detected on classpath
19-Apr-2026 17:19:32.805 INFO [main] org.apache.catalina.core.ApplicationContext.log Initializing Spring DispatcherServlet 'dispatcher'
19-Apr-2026 17:19:43.362 INFO [main] org.apache.catalina.core.ApplicationContext.log ContextListener: contextInitialized()
19-Apr-2026 17:19:43.362 INFO [main] org.apache.catalina.core.ApplicationContext.log SessionListener: contextInitialized()
19-Apr-2026 17:19:43.369 INFO [main] org.apache.catalina.core.ApplicationContext.log ContextListener: attributeAdded('StockTicker', 'async.Stockticker@3b5299a3')
