24-Apr-2026 06:46:42.206 INFO [main] org.apache.catalina.core.ApplicationContext.log No Spring WebApplicationInitializer types detected on classpath
24-Apr-2026 06:46:42.537 INFO [main] org.apache.catalina.core.ApplicationContext.log Initializing Spring DispatcherServlet 'dispatcher'
24-Apr-2026 06:46:49.939 INFO [main] org.apache.catalina.core.ApplicationContext.log ContextListener: contextInitialized()
24-Apr-2026 06:46:49.940 INFO [main] org.apache.catalina.core.ApplicationContext.log SessionListener: contextInitialized()
24-Apr-2026 06:46:49.945 INFO [main] org.apache.catalina.core.ApplicationContext.log ContextListener: attributeAdded('StockTicker', 'async.Stockticker@1f3bd40a')
24-Apr-2026 06:55:32.230 INFO [main] org.apache.catalina.core.ApplicationContext.log No Spring WebApplicationInitializer types detected on classpath
24-Apr-2026 06:55:32.601 INFO [main] org.apache.catalina.core.ApplicationContext.log Initializing Spring DispatcherServlet 'dispatcher'
24-Apr-2026 06:55:39.818 INFO [main] org.apache.catalina.core.ApplicationContext.log ContextListener: contextInitialized()
24-Apr-2026 06:55:39.818 INFO [main] org.apache.catalina.core.ApplicationContext.log SessionListener: contextInitialized()
24-Apr-2026 06:55:39.823 INFO [main] org.apache.catalina.core.ApplicationContext.log ContextListener: attributeAdded('StockTicker', 'async.Stockticker@c4c4852')
24-Apr-2026 07:06:34.797 INFO [main] org.apache.catalina.core.ApplicationContext.log No Spring WebApplicationInitializer types detected on classpath
24-Apr-2026 07:06:35.209 INFO [main] org.apache.catalina.core.ApplicationContext.log Initializing Spring DispatcherServlet 'dispatcher'
24-Apr-2026 07:06:43.169 INFO [main] org.apache.catalina.core.ApplicationContext.log ContextListener: contextInitialized()
24-Apr-2026 07:06:43.169 INFO [main] org.apache.catalina.core.ApplicationContext.log SessionListener: contextInitialized()
24-Apr-2026 07:06:43.176 INFO [main] org.apache.catalina.core.ApplicationContext.log ContextListener: attributeAdded('StockTicker', 'async.Stockticker@6f422ecc')
24-Apr-2026 07:12:48.917 INFO [main] org.apache.catalina.core.ApplicationContext.log No Spring WebApplicationInitializer types detected on classpath
24-Apr-2026 07:12:49.435 INFO [main] org.apache.catalina.core.ApplicationContext.log Initializing Spring DispatcherServlet 'dispatcher'
24-Apr-2026 07:12:57.275 INFO [main] org.apache.catalina.core.ApplicationContext.log ContextListener: contextInitialized()
24-Apr-2026 07:12:57.277 INFO [main] org.apache.catalina.core.ApplicationContext.log SessionListener: contextInitialized()
24-Apr-2026 07:12:57.278 INFO [main] org.apache.catalina.core.ApplicationContext.log ContextListener: attributeAdded('StockTicker', 'async.Stockticker@33dcbbfa')
24-Apr-2026 07:21:37.407 INFO [main] org.apache.catalina.core.ApplicationContext.log No Spring WebApplicationInitializer types detected on classpath
24-Apr-2026 07:21:37.754 INFO [main] org.apache.catalina.core.ApplicationContext.log Initializing Spring DispatcherServlet 'dispatcher'
24-Apr-2026 07:21:44.774 INFO [main] org.apache.catalina.core.ApplicationContext.log ContextListener: contextInitialized()
24-Apr-2026 07:21:44.775 INFO [main] org.apache.catalina.core.ApplicationContext.log SessionListener: contextInitialized()
24-Apr-2026 07:21:44.778 INFO [main] org.apache.catalina.core.ApplicationContext.log ContextListener: attributeAdded('StockTicker', 'async.Stockticker@93231b2')
24-Apr-2026 07:24:32.022 INFO [main] org.apache.catalina.core.ApplicationContext.log No Spring WebApplicationInitializer types detected on classpath
24-Apr-2026 07:24:32.439 INFO [main] org.apache.catalina.core.ApplicationContext.log Initializing Spring DispatcherServlet 'dispatcher'
24-Apr-2026 07:24:40.872 INFO [main] org.apache.catalina.core.ApplicationContext.log ContextListener: contextInitialized()
24-Apr-2026 07:24:40.872 INFO [main] org.apache.catalina.core.ApplicationContext.log SessionListener: contextInitialized()
24-Apr-2026 07:24:40.872 INFO [main] org.apache.catalina.core.ApplicationContext.log ContextListener: attributeAdded('StockTicker', 'async.Stockticker@23247b4c')
24-Apr-2026 07:28:13.139 INFO [main] org.apache.catalina.core.ApplicationContext.log No Spring WebApplicationInitializer types detected on classpath
24-Apr-2026 07:28:13.588 INFO [main] org.apache.catalina.core.ApplicationContext.log Initializing Spring DispatcherServlet 'dispatcher'
24-Apr-2026 07:28:21.883 INFO [main] org.apache.catalina.core.ApplicationContext.log ContextListener: contextInitialized()
24-Apr-2026 07:28:21.883 INFO [main] org.apache.catalina.core.ApplicationContext.log SessionListener: contextInitialized()
24-Apr-2026 07:28:21.890 INFO [main] org.apache.catalina.core.ApplicationContext.log ContextListener: attributeAdded('StockTicker', 'async.Stockticker@5f18f8a1')
24-Apr-2026 07:43:59.895 INFO [main] org.apache.catalina.core.ApplicationContext.log No Spring WebApplicationInitializer types detected on classpath
24-Apr-2026 07:44:00.428 INFO [main] org.apache.catalina.core.ApplicationContext.log Initializing Spring DispatcherServlet 'dispatcher'
24-Apr-2026 07:44:09.728 INFO [main] org.apache.catalina.core.ApplicationContext.log ContextListener: contextInitialized()
24-Apr-2026 07:44:09.728 INFO [main] org.apache.catalina.core.ApplicationContext.log SessionListener: contextInitialized()
24-Apr-2026 07:44:09.728 INFO [main] org.apache.catalina.core.ApplicationContext.log ContextListener: attributeAdded('StockTicker', 'async.Stockticker@56912047')
24-Apr-2026 07:51:50.915 INFO [Catalina-utility-1] org.apache.catalina.core.ApplicationContext.log Destroying Spring FrameworkServlet 'dispatcher'
24-Apr-2026 07:52:07.914 INFO [main] org.apache.catalina.core.ApplicationContext.log No Spring WebApplicationInitializer types detected on classpath
24-Apr-2026 07:52:08.320 INFO [main] org.apache.catalina.core.ApplicationContext.log Initializing Spring DispatcherServlet 'dispatcher'
24-Apr-2026 07:52:16.346 INFO [main] org.apache.catalina.core.ApplicationContext.log ContextListener: contextInitialized()
24-Apr-2026 07:52:16.346 INFO [main] org.apache.catalina.core.ApplicationContext.log SessionListener: contextInitialized()
24-Apr-2026 07:52:16.346 INFO [main] org.apache.catalina.core.ApplicationContext.log ContextListener: attributeAdded('StockTicker', 'async.Stockticker@3828f303')
24-Apr-2026 07:54:31.565 INFO [main] org.apache.catalina.core.ApplicationContext.log No Spring WebApplicationInitializer types detected on classpath
24-Apr-2026 07:54:31.940 INFO [main] org.apache.catalina.core.ApplicationContext.log Initializing Spring DispatcherServlet 'dispatcher'
24-Apr-2026 07:54:39.802 INFO [main] org.apache.catalina.core.ApplicationContext.log ContextListener: contextInitialized()
24-Apr-2026 07:54:39.802 INFO [main] org.apache.catalina.core.ApplicationContext.log SessionListener: contextInitialized()
24-Apr-2026 07:54:39.810 INFO [main] org.apache.catalina.core.ApplicationContext.log ContextListener: attributeAdded('StockTicker', 'async.Stockticker@23247b4c')
24-Apr-2026 08:03:37.997 INFO [main] org.apache.catalina.core.ApplicationContext.log No Spring WebApplicationInitializer types detected on classpath
24-Apr-2026 08:03:38.376 INFO [main] org.apache.catalina.core.ApplicationContext.log Initializing Spring DispatcherServlet 'dispatcher'
24-Apr-2026 08:03:47.418 INFO [main] org.apache.catalina.core.ApplicationContext.log ContextListener: contextInitialized()
24-Apr-2026 08:03:47.418 INFO [main] org.apache.catalina.core.ApplicationContext.log SessionListener: contextInitialized()
24-Apr-2026 08:03:47.423 INFO [main] org.apache.catalina.core.ApplicationContext.log ContextListener: attributeAdded('StockTicker', 'async.Stockticker@4fb56bdf')
24-Apr-2026 08:10:48.362 INFO [Catalina-utility-2] org.apache.catalina.core.ApplicationContext.log Destroying Spring FrameworkServlet 'dispatcher'
24-Apr-2026 08:11:06.513 INFO [main] org.apache.catalina.core.ApplicationContext.log No Spring WebApplicationInitializer types detected on classpath
24-Apr-2026 08:11:06.847 INFO [main] org.apache.catalina.core.ApplicationContext.log Initializing Spring DispatcherServlet 'dispatcher'
24-Apr-2026 08:11:14.841 INFO [main] org.apache.catalina.core.ApplicationContext.log ContextListener: contextInitialized()
24-Apr-2026 08:11:14.844 INFO [main] org.apache.catalina.core.ApplicationContext.log SessionListener: contextInitialized()
24-Apr-2026 08:11:14.844 INFO [main] org.apache.catalina.core.ApplicationContext.log ContextListener: attributeAdded('StockTicker', 'async.Stockticker@6f3628c2')
24-Apr-2026 08:16:06.886 INFO [main] org.apache.catalina.core.ApplicationContext.log No Spring WebApplicationInitializer types detected on classpath
24-Apr-2026 08:16:07.249 INFO [main] org.apache.catalina.core.ApplicationContext.log Initializing Spring DispatcherServlet 'dispatcher'
24-Apr-2026 08:16:15.256 INFO [main] org.apache.catalina.core.ApplicationContext.log ContextListener: contextInitialized()
24-Apr-2026 08:16:15.258 INFO [main] org.apache.catalina.core.ApplicationContext.log SessionListener: contextInitialized()
24-Apr-2026 08:16:15.264 INFO [main] org.apache.catalina.core.ApplicationContext.log ContextListener: attributeAdded('StockTicker', 'async.Stockticker@16b35f2f')
