ASSERTION	AAEDAAECAwAAAAAAAIizQA==
ASSERTION	AAECAAIEAAAAAAAAwFdA
RUN	com.example.gatling.EmployeeFormSimulation	employeeformsimulation	1776653459375	 	3.10.5
USER	Register Employee	START	1776653460554
REQUEST		Login to Get JWT	1776653460542	1776653460844	OK	 
REQUEST		Submit Employee Form	1776653461010	1776653461307	OK	 
USER	Register Employee	END	1776653461315
USER	Register Employee	START	1776653461454
REQUEST		Login to Get JWT	1776653461453	1776653461742	OK	 
REQUEST		Submit Employee Form	1776653461744	1776653462029	OK	 
USER	Register Employee	END	1776653462031
USER	Register Employee	START	1776653462455
REQUEST		Login to Get JWT	1776653462454	1776653462745	OK	 
REQUEST		Submit Employee Form	1776653462748	1776653463042	OK	 
USER	Register Employee	END	1776653463043
USER	Register Employee	START	1776653463459
REQUEST		Login to Get JWT	1776653463458	1776653463748	OK	 
REQUEST		Submit Employee Form	1776653463750	1776653464038	OK	 
USER	Register Employee	END	1776653464039
USER	Register Employee	START	1776653464447
REQUEST		Login to Get JWT	1776653464445	1776653464754	OK	 
REQUEST		Submit Employee Form	1776653464756	1776653465055	OK	 
USER	Register Employee	END	1776653465057
USER	Register Employee	START	1776653465447
REQUEST		Login to Get JWT	1776653465445	1776653465745	OK	 
REQUEST		Submit Employee Form	1776653465748	1776653466035	OK	 
USER	Register Employee	END	1776653466037
USER	Register Employee	START	1776653466447
REQUEST		Login to Get JWT	1776653466446	1776653466749	OK	 
REQUEST		Submit Employee Form	1776653466751	1776653467044	OK	 
USER	Register Employee	END	1776653467046
USER	Register Employee	START	1776653467448
REQUEST		Login to Get JWT	1776653467447	1776653467749	OK	 
REQUEST		Submit Employee Form	1776653467751	1776653468037	OK	 
USER	Register Employee	END	1776653468039
USER	Register Employee	START	1776653468445
REQUEST		Login to Get JWT	1776653468444	1776653468744	OK	 
REQUEST		Submit Employee Form	1776653468747	1776653469039	OK	 
USER	Register Employee	END	1776653469040
USER	Register Employee	START	1776653469462
REQUEST		Login to Get JWT	1776653469459	1776653469794	OK	 
REQUEST		Submit Employee Form	1776653469797	1776653470088	OK	 
USER	Register Employee	END	1776653470089
