ASSERTION	AAEDAAECAwAAAAAAAIizQA==
ASSERTION	AAECAAIEAAAAAAAAwFdA
RUN	com.example.gatling.UserSimulation	usersimulation	1777254144343	 	3.10.5
USER	User Operations	START	1777254145799
REQUEST		Login to Get JWT	1777254145789	1777254145887	OK	 
REQUEST		Create User	1777254146012	1777254146099	OK	 
REQUEST		Get All Users	1777254146102	1777254146171	OK	 
REQUEST		Get User by ID	1777254146181	1777254146248	OK	 
REQUEST		Update User	1777254146251	1777254146330	OK	 
REQUEST		Delete User	1777254146332	1777254146407	OK	 
USER	User Operations	END	1777254146413
USER	User Operations	START	1777254146711
REQUEST		Login to Get JWT	1777254146709	1777254146803	OK	 
REQUEST		Create User	1777254146806	1777254146895	OK	 
REQUEST		Get All Users	1777254146897	1777254147172	OK	 
REQUEST		Get User by ID	1777254147174	1777254147447	OK	 
USER	User Operations	START	1777254147712
REQUEST		Update User	1777254147449	1777254147727	OK	 
REQUEST		Delete User	1777254147728	1777254147799	OK	 
USER	User Operations	END	1777254147801
REQUEST		Login to Get JWT	1777254147711	1777254148011	OK	 
REQUEST		Create User	1777254148013	1777254148301	OK	 
REQUEST		Get All Users	1777254148303	1777254148586	OK	 
USER	User Operations	START	1777254148700
REQUEST		Get User by ID	1777254148588	1777254148871	OK	 
REQUEST		Login to Get JWT	1777254148699	1777254148936	OK	 
REQUEST		Update User	1777254148872	1777254149142	OK	 
REQUEST		Delete User	1777254149143	1777254149216	OK	 
USER	User Operations	END	1777254149218
REQUEST		Create User	1777254148939	1777254149427	OK	 
USER	User Operations	START	1777254149698
REQUEST		Get All Users	1777254149429	1777254149706	OK	 
REQUEST		Login to Get JWT	1777254149697	1777254149776	OK	 
REQUEST		Get User by ID	1777254149708	1777254149985	OK	 
REQUEST		Create User	1777254149779	1777254150071	OK	 
REQUEST		Update User	1777254149987	1777254150290	OK	 
REQUEST		Get All Users	1777254150073	1777254150369	OK	 
REQUEST		Delete User	1777254150292	1777254150580	OK	 
USER	User Operations	END	1777254150582
USER	User Operations	START	1777254150699
REQUEST		Get User by ID	1777254150372	1777254150854	OK	 
REQUEST		Login to Get JWT	1777254150698	1777254150930	OK	 
REQUEST		Update User	1777254150855	1777254151136	OK	 
REQUEST		Delete User	1777254151138	1777254151218	OK	 
USER	User Operations	END	1777254151220
REQUEST		Create User	1777254150932	1777254151431	OK	 
USER	User Operations	START	1777254151699
REQUEST		Get All Users	1777254151432	1777254151701	OK	 
REQUEST		Login to Get JWT	1777254151697	1777254151783	OK	 
REQUEST		Get User by ID	1777254151703	1777254151995	OK	 
REQUEST		Update User	1777254151998	1777254152076	OK	 
REQUEST		Create User	1777254151785	1777254152285	OK	 
REQUEST		Delete User	1777254152079	1777254152354	OK	 
USER	User Operations	END	1777254152355
REQUEST		Get All Users	1777254152287	1777254152565	OK	 
USER	User Operations	START	1777254152699
REQUEST		Get User by ID	1777254152567	1777254152855	OK	 
REQUEST		Update User	1777254152856	1777254152927	OK	 
REQUEST		Login to Get JWT	1777254152698	1777254153134	OK	 
REQUEST		Delete User	1777254152929	1777254153222	OK	 
USER	User Operations	END	1777254153225
REQUEST		Create User	1777254153136	1777254153439	OK	 
USER	User Operations	START	1777254153706
REQUEST		Get All Users	1777254153441	1777254153727	OK	 
REQUEST		Get User by ID	1777254153729	1777254153804	OK	 
REQUEST		Login to Get JWT	1777254153703	1777254154018	OK	 
REQUEST		Update User	1777254153806	1777254154085	OK	 
REQUEST		Create User	1777254154020	1777254154291	OK	 
REQUEST		Get All Users	1777254154293	1777254154360	OK	 
REQUEST		Delete User	1777254154086	1777254154570	OK	 
USER	User Operations	END	1777254154571
USER	User Operations	START	1777254154699
REQUEST		Get User by ID	1777254154364	1777254154846	OK	 
REQUEST		Login to Get JWT	1777254154698	1777254154918	OK	 
REQUEST		Update User	1777254154848	1777254155125	OK	 
REQUEST		Create User	1777254154920	1777254155197	OK	 
REQUEST		Delete User	1777254155126	1777254155405	OK	 
USER	User Operations	END	1777254155406
REQUEST		Get All Users	1777254155199	1777254155691	OK	 
REQUEST		Get User by ID	1777254155693	1777254155979	OK	 
REQUEST		Update User	1777254155981	1777254156260	OK	 
REQUEST		Delete User	1777254156262	1777254156536	OK	 
USER	User Operations	END	1777254156538
